  Determining projects to restore...
  All projects are up-to-date for restore.
C:\Users\Admin\Desktop\Lamnhom-net\Controllers\HomeController.cs(84,86): warning CS8604: Possible null reference argument for parameter 'json' in 'List<float>? JsonSerializer.Deserialize<List<float>>(string json, JsonSerializerOptions? options = null)'. [C:\Users\Admin\Desktop\Lamnhom-net\PizzaDeli.csproj]
C:\Users\Admin\Desktop\Lamnhom-net\Controllers\HomeController.cs(85,79): warning CS8604: Possible null reference argument for parameter 'vecB' in 'double AiIntegratorService.CalculateSimilarity(List<float> vecA, List<float> vecB)'. [C:\Users\Admin\Desktop\Lamnhom-net\PizzaDeli.csproj]
C:\Users\Admin\Desktop\Lamnhom-net\Views\Customer\ReviewDetail.cshtml(8,43): warning CS8604: Possible null reference argument for parameter 'source' in 'double Enumerable.Average<Review>(IEnumerable<Review> source, Func<Review, int> selector)'. [C:\Users\Admin\Desktop\Lamnhom-net\PizzaDeli.csproj]
C:\Users\Admin\Desktop\Lamnhom-net\Views\Customer\ReviewDetail.cshtml(10,37): warning CS8604: Possible null reference argument for parameter 'source' in 'int Enumerable.Count<Review>(IEnumerable<Review> source, Func<Review, bool> predicate)'. [C:\Users\Admin\Desktop\Lamnhom-net\PizzaDeli.csproj]
C:\Users\Admin\Desktop\Lamnhom-net\Views\Customer\ReviewDetail.cshtml(11,37): warning CS8604: Possible null reference argument for parameter 'source' in 'int Enumerable.Count<Review>(IEnumerable<Review> source, Func<Review, bool> predicate)'. [C:\Users\Admin\Desktop\Lamnhom-net\PizzaDeli.csproj]
C:\Users\Admin\Desktop\Lamnhom-net\Views\Customer\ReviewDetail.cshtml(12,37): warning CS8604: Possible null reference argument for parameter 'source' in 'int Enumerable.Count<Review>(IEnumerable<Review> source, Func<Review, bool> predicate)'. [C:\Users\Admin\Desktop\Lamnhom-net\PizzaDeli.csproj]
C:\Users\Admin\Desktop\Lamnhom-net\Views\Customer\ReviewDetail.cshtml(13,37): warning CS8604: Possible null reference argument for parameter 'source' in 'int Enumerable.Count<Review>(IEnumerable<Review> source, Func<Review, bool> predicate)'. [C:\Users\Admin\Desktop\Lamnhom-net\PizzaDeli.csproj]
C:\Users\Admin\Desktop\Lamnhom-net\Views\Customer\ReviewDetail.cshtml(14,37): warning CS8604: Possible null reference argument for parameter 'source' in 'int Enumerable.Count<Review>(IEnumerable<Review> source, Func<Review, bool> predicate)'. [C:\Users\Admin\Desktop\Lamnhom-net\PizzaDeli.csproj]
C:\Users\Admin\Desktop\Lamnhom-net\Views\Home\Scan.cshtml(441,45): error CS0103: The name 'keyframes' does not exist in the current context [C:\Users\Admin\Desktop\Lamnhom-net\PizzaDeli.csproj]
C:\Users\Admin\Desktop\Lamnhom-net\Controllers\AdminController.cs(410,38): warning CS1998: This async method lacks 'await' operators and will run synchronously. Consider using the 'await' operator to await non-blocking API calls, or 'await Task.Run(...)' to do CPU-bound work on a background thread. [C:\Users\Admin\Desktop\Lamnhom-net\PizzaDeli.csproj]

Build FAILED.

C:\Users\Admin\Desktop\Lamnhom-net\Controllers\HomeController.cs(84,86): warning CS8604: Possible null reference argument for parameter 'json' in 'List<float>? JsonSerializer.Deserialize<List<float>>(string json, JsonSerializerOptions? options = null)'. [C:\Users\Admin\Desktop\Lamnhom-net\PizzaDeli.csproj]
C:\Users\Admin\Desktop\Lamnhom-net\Controllers\HomeController.cs(85,79): warning CS8604: Possible null reference argument for parameter 'vecB' in 'double AiIntegratorService.CalculateSimilarity(List<float> vecA, List<float> vecB)'. [C:\Users\Admin\Desktop\Lamnhom-net\PizzaDeli.csproj]
C:\Users\Admin\Desktop\Lamnhom-net\Views\Customer\ReviewDetail.cshtml(8,43): warning CS8604: Possible null reference argument for parameter 'source' in 'double Enumerable.Average<Review>(IEnumerable<Review> source, Func<Review, int> selector)'. [C:\Users\Admin\Desktop\Lamnhom-net\PizzaDeli.csproj]
C:\Users\Admin\Desktop\Lamnhom-net\Views\Customer\ReviewDetail.cshtml(10,37): warning CS8604: Possible null reference argument for parameter 'source' in 'int Enumerable.Count<Review>(IEnumerable<Review> source, Func<Review, bool> predicate)'. [C:\Users\Admin\Desktop\Lamnhom-net\PizzaDeli.csproj]
C:\Users\Admin\Desktop\Lamnhom-net\Views\Customer\ReviewDetail.cshtml(11,37): warning CS8604: Possible null reference argument for parameter 'source' in 'int Enumerable.Count<Review>(IEnumerable<Review> source, Func<Review, bool> predicate)'. [C:\Users\Admin\Desktop\Lamnhom-net\PizzaDeli.csproj]
C:\Users\Admin\Desktop\Lamnhom-net\Views\Customer\ReviewDetail.cshtml(12,37): warning CS8604: Possible null reference argument for parameter 'source' in 'int Enumerable.Count<Review>(IEnumerable<Review> source, Func<Review, bool> predicate)'. [C:\Users\Admin\Desktop\Lamnhom-net\PizzaDeli.csproj]
C:\Users\Admin\Desktop\Lamnhom-net\Views\Customer\ReviewDetail.cshtml(13,37): warning CS8604: Possible null reference argument for parameter 'source' in 'int Enumerable.Count<Review>(IEnumerable<Review> source, Func<Review, bool> predicate)'. [C:\Users\Admin\Desktop\Lamnhom-net\PizzaDeli.csproj]
C:\Users\Admin\Desktop\Lamnhom-net\Views\Customer\ReviewDetail.cshtml(14,37): warning CS8604: Possible null reference argument for parameter 'source' in 'int Enumerable.Count<Review>(IEnumerable<Review> source, Func<Review, bool> predicate)'. [C:\Users\Admin\Desktop\Lamnhom-net\PizzaDeli.csproj]
C:\Users\Admin\Desktop\Lamnhom-net\Controllers\AdminController.cs(410,38): warning CS1998: This async method lacks 'await' operators and will run synchronously. Consider using the 'await' operator to await non-blocking API calls, or 'await Task.Run(...)' to do CPU-bound work on a background thread. [C:\Users\Admin\Desktop\Lamnhom-net\PizzaDeli.csproj]
C:\Users\Admin\Desktop\Lamnhom-net\Views\Home\Scan.cshtml(441,45): error CS0103: The name 'keyframes' does not exist in the current context [C:\Users\Admin\Desktop\Lamnhom-net\PizzaDeli.csproj]
    9 Warning(s)
    1 Error(s)

Time Elapsed 00:00:08.39
